com/example/simple_crud/entity/Auditable.class
com/example/simple_crud/entity/book/BookUpdateDto.class
com/example/simple_crud/rest_config/ApiResult.class
com/example/simple_crud/entity/book/BookUpdateDto$BookUpdateDtoBuilder.class
com/example/simple_crud/SimpleCrudApplication.class
com/example/simple_crud/config/WebConfig.class
com/example/simple_crud/entity/user/AuthUserController.class
com/example/simple_crud/entity/book/BookService.class
com/example/simple_crud/entity/user/AuthUser.class
com/example/simple_crud/rest_config/ErrorData.class
com/example/simple_crud/entity/user/AuthDto.class
com/example/simple_crud/entity/book/BookRepository.class
com/example/simple_crud/entity/user/AuthService.class
com/example/simple_crud/entity/book/BookController.class
com/example/simple_crud/entity/user/AuthUser$AuthUserBuilder.class
com/example/simple_crud/entity/book/Book.class
com/example/simple_crud/entity/book/BookDto.class
com/example/simple_crud/entity/user/AuthRepository.class
com/example/simple_crud/entity/book/Book$BookBuilder.class
com/example/simple_crud/entity/book/BookDto$BookDtoBuilder.class
